// Jest Snapshot v1, https://goo.gl/fbAQLP

exports[`Snapshot tests Create snapshot of App 1`] = `
<div>
  <h1>
    My counter
  </h1>
  <div>
    <p>
      0
    </p>
  </div>
  <button
    onClick={[Function]}
    type="button"
  >
    Increment
  </button>
  <button
    onClick={[Function]}
    type="button"
  >
    Decrement
  </button>
  <h2>
    Async data
  </h2>
  0
  <div>
    <ul>
      <li>
        Hello world
      </li>
      <li>
        Hello world
      </li>
      <li>
        Hello world
      </li>
    </ul>
    <div>
      <label
        htmlFor="search"
      >
        Search:
      </label>
      <input
        id="search"
        onChange={[Function]}
        placeholder="Search for something"
        type="text"
        value=""
      />
    </div>
    <p>
      Searches for 
      ...
    </p>
  </div>
</div>
`;

exports[`Snapshot tests Create snapshot of Counter 1`] = `
<div>
  <p>
    1
  </p>
</div>
`;
